// Jest Snapshot v1, https://goo.gl/fbAQLP

exports[`Navigation should activate a navigation link matching the current path 1`] = `
<Component
  aria-label="Nav"
>
  <NavList
    ariaLeftScroll="Scroll left"
    ariaRightScroll="Scroll right"
    className=""
    variant="horizontal"
  >
    <NavItem
      isActive={false}
      itemId="/vrp/overview"
      key="/vrp/overview"
    >
      <Link
        to="/vrp/overview"
      >
        Overview
      </Link>
    </NavItem>
    <NavItem
      isActive={false}
      itemId="/vrp/vehicles"
      key="/vrp/vehicles"
    >
      <Link
        to="/vrp/vehicles"
      >
        Vehicles
      </Link>
    </NavItem>
    <NavItem
      isActive={true}
      itemId="/vrp/visits"
      key="/vrp/visits"
    >
      <Link
        to="/vrp/visits"
      >
        Visits
      </Link>
    </NavItem>
    <NavItem
      isActive={false}
      itemId="/vrp/routes"
      key="/vrp/routes"
    >
      <Link
        to="/vrp/routes"
      >
        Routes
      </Link>
    </NavItem>
  </NavList>
</Component>
`;
