// Jest Snapshot v1, https://goo.gl/fbAQLP

exports[`Vehicle Component should render correctly 1`] = `
<DataListItem
  aria-labelledby="vehicle-10"
  isExpanded={false}
>
  <Modal
    actions={
      Array [
        <Unknown
          id="save-button"
          onClick={[Function]}
          variant="primary"
        >
          Save
        </Unknown>,
        <Unknown
          id="remove-button"
          onClick={[Function]}
          variant="link"
        >
          Remove
        </Unknown>,
        <Unknown
          id="cancel-button"
          onClick={[Function]}
          variant="link"
        >
          Cancel
        </Unknown>,
      ]
    }
    appendTo={<body />}
    ariaDescribedById=""
    className=""
    hideTitle={false}
    isFooterLeftAligned={false}
    isLarge={false}
    isOpen={false}
    isSmall={true}
    onClose={[Function]}
    showClose={true}
    title="Edit Vehicle"
  >
    <Form>
      <ForwardRef
        className="popup-input"
        id="input-description"
        onChange={[Function]}
        title="Description"
        type="text"
        value="x"
      />
    </Form>
  </Modal>
  <DataListItemRow>
    <DataListCell
      isFilled={true}
    >
      <span
        id="vehicle-10"
      >
        x
      </span>
    </DataListCell>
    <DataListCell
      isFilled={true}
    >
      <InputGroup>
        <Component
          data-test-key="capacity-decrease-10"
          isDisabled={false}
          onClick={[Function]}
          variant="primary"
        >
          <MinusIcon
            color="currentColor"
            noVerticalAlign={false}
            size="sm"
            title={null}
          />
        </Component>
        <InputGroupText
          readOnly={true}
        >
          7
        </InputGroupText>
        <Component
          data-test-key="capacity-increase-10"
          onClick={[Function]}
          variant="primary"
        >
          <PlusIcon
            color="currentColor"
            noVerticalAlign={false}
            size="sm"
            title={null}
          />
        </Component>
      </InputGroup>
    </DataListCell>
    <DataListCell
      isFilled={false}
    >
      <InputGroup>
        <Component
          data-test-key="edit-10"
          onClick={[Function]}
          type="button"
          variant="link"
        >
          <PencilAltIcon
            color="currentColor"
            noVerticalAlign={false}
            size="sm"
            title={null}
          />
        </Component>
        <Component
          data-test-key="remove-10"
          isDisabled={false}
          onClick={[Function]}
          type="button"
          variant="link"
        >
          <TimesIcon
            color="currentColor"
            noVerticalAlign={false}
            size="sm"
            title={null}
          />
        </Component>
      </InputGroup>
    </DataListCell>
  </DataListItemRow>
</DataListItem>
`;
